Started HTTP and WebSocket JSON-RPC server at http://127.0.0.1:8545/

Accounts
========

WARNING: Funds sent on live network to accounts with publicly known private keys WILL BE LOST.

Account #0:  0xf39fd6e51aad88f6f4ce6ab8827279cfffb92266 (10000 ETH)
Private Key: 0xac0974bec39a17e36ba4a6b4d238ff944bacb478cbed5efcae784d7bf4f2ff80

Account #1:  0x70997970c51812dc3a010c7d01b50e0d17dc79c8 (10000 ETH)
Private Key: 0x59c6995e998f97a5a0044966f0945389dc9e86dae88c7a8412f4603b6b78690d

Account #2:  0x3c44cdddb6a900fa2b585dd299e03d12fa4293bc (10000 ETH)
Private Key: 0x5de4111afa1a4b94908f83103eb1f1706367c2e68ca870fc3fb9a804cdab365a

Account #3:  0x90f79bf6eb2c4f870365e785982e1f101e93b906 (10000 ETH)
Private Key: 0x7c852118294e51e653712a81e05800f419141751be58f605c371e15141b007a6

Account #4:  0x15d34aaf54267db7d7c367839aaf71a00a2c6a65 (10000 ETH)
Private Key: 0x47e179ec197488593b187f80a00eb0da91f1b9d0b13f8733639f19c30a34926a

Account #5:  0x9965507d1a55bcc2695c58ba16fb37d819b0a4dc (10000 ETH)
Private Key: 0x8b3a350cf5c34c9194ca85829a2df0ec3153be0318b5e2d3348e872092edffba

Account #6:  0x976ea74026e726554db657fa54763abd0c3a0aa9 (10000 ETH)
Private Key: 0x92db14e403b83dfe3df233f83dfa3a0d7096f21ca9b0d6d6b8d88b2b4ec1564e

Account #7:  0x14dc79964da2c08b23698b3d3cc7ca32193d9955 (10000 ETH)
Private Key: 0x4bbbf85ce3377467afe5d46f804f221813b2bb87f24d81f60f1fcdbf7cbf4356

Account #8:  0x23618e81e3f5cdf7f54c3d65f7fbc0abf5b21e8f (10000 ETH)
Private Key: 0xdbda1821b80551c9d65939329250298aa3472ba22feea921c0cf5d620ea67b97

Account #9:  0xa0ee7a142d267c1f36714e4a8f75612f20a79720 (10000 ETH)
Private Key: 0x2a871d0798f97d79848a013d4936a73bf4cc922c825d33c1cf7073dff6d409c6

Account #10: 0xbcd4042de499d14e55001ccbb24a551f3b954096 (10000 ETH)
Private Key: 0xf214f2b2cd398c806f84e317254e0f0b801d0643303237d97a22a48e01628897

Account #11: 0x71be63f3384f5fb98995898a86b02fb2426c5788 (10000 ETH)
Private Key: 0x701b615bbdfb9de65240bc28bd21bbc0d996645a3dd57e7b12bc2bdf6f192c82

Account #12: 0xfabb0ac9d68b0b445fb7357272ff202c5651694a (10000 ETH)
Private Key: 0xa267530f49f8280200edf313ee7af6b827f2a8bce2897751d06a843f644967b1

Account #13: 0x1cbd3b2770909d4e10f157cabc84c7264073c9ec (10000 ETH)
Private Key: 0x47c99abed3324a2707c28affff1267e45918ec8c3f20b8aa892e8b065d2942dd

Account #14: 0xdf3e18d64bc6a983f673ab319ccae4f1a57c7097 (10000 ETH)
Private Key: 0xc526ee95bf44d8fc405a158bb884d9d1238d99f0612e9f33d006bb0789009aaa

Account #15: 0xcd3b766ccdd6ae721141f452c550ca635964ce71 (10000 ETH)
Private Key: 0x8166f546bab6da521a8369cab06c5d2b9e46670292d85c875ee9ec20e84ffb61

Account #16: 0x2546bcd3c84621e976d8185a91a922ae77ecec30 (10000 ETH)
Private Key: 0xea6c44ac03bff858b476bba40716402b03e41b8e97e276d1baec7c37d42484a0

Account #17: 0xbda5747bfd65f08deb54cb465eb87d40e51b197e (10000 ETH)
Private Key: 0x689af8efa8c651a91ad287602527f3af2fe9f6501a7ac4b061667b5a93e037fd

Account #18: 0xdd2fd4581271e230360230f9337d5c0430bf44c0 (10000 ETH)
Private Key: 0xde9be858da4a475276426320d5e9262ecfc3ba460bfac56360bfa6c4c28b4ee0

Account #19: 0x8626f6940e2eb28930efb4cef49b2d1f2c9c1199 (10000 ETH)
Private Key: 0xdf57089febbacf7ba0bc227dafbffa9fc08a93fdc68e1e42411a14efcf23656e

WARNING: Funds sent on live network to accounts with publicly known private keys WILL BE LOST.

[32meth_accounts[0m
[32meth_accounts (2)[0m
[32meth_blockNumber[0m
[32meth_getBlockByNumber[0m
[32meth_feeHistory[0m
[32meth_maxPriorityFeePerGas[0m
[32meth_estimateGas[0m
[32meth_sendTransaction[0m
  Contract deployment: ClientRegistry
  Contract address:    0x5fbdb2315678afecb367f032d93f642f64180aa3
  Transaction:         0x4c3af4f40bd5493d60047e6cc67355db6acf970674559b4d3c0be846d4428219
  From:                0xf39fd6e51aad88f6f4ce6ab8827279cfffb92266
  Value:               0 ETH
  Gas used:            1264708 of 1264708
  Block #1:            0x4fe6b2388a354e5c08aafdf741bdcca93210648ceed5f02e82ad6e70e7001976

[32meth_getTransactionByHash[0m
[32meth_getTransactionReceipt[0m
[32meth_accounts[0m
[32meth_blockNumber[0m
[32meth_feeHistory[0m
[32meth_estimateGas[0m
[32meth_sendTransaction[0m
  Contract deployment: TrainingRoundRegistry
  Contract address:    0xe7f1725e7734ce288f8367e1bb143e90bb3f0512
  Transaction:         0x7027e0ce9a594af29d4ca1755cc62cca7ddee307d6208327beb9c78e68df9222
  From:                0xf39fd6e51aad88f6f4ce6ab8827279cfffb92266
  Value:               0 ETH
  Gas used:            1336225 of 1336225
  Block #2:            0x7ba4b6424c7898ab56e5a7c61ecce923033cbb77e07728d8cbd7919575238045

[32meth_getTransactionByHash[0m
[32meth_getTransactionReceipt[0m
[32meth_accounts[0m
[32meth_blockNumber[0m
[32meth_feeHistory[0m
[32meth_estimateGas[0m
[32meth_sendTransaction[0m
  Contract deployment: UpdateRegistry
  Contract address:    0x9fe46736679d2d9a65f0992f2272de9f3c7fa6e0
  Transaction:         0xad2c9eac538ec34c1d1202fe1fb01649e11a0660ae34d3822f8ddd8c13ed77c3
  From:                0xf39fd6e51aad88f6f4ce6ab8827279cfffb92266
  Value:               0 ETH
  Gas used:            1899036 of 1899036
  Block #3:            0xf5c8d6ee7a1fe06c900fbc61529d4ef261758fa49411a7e4b4da03b2bfeb82bf

[32meth_getTransactionByHash[0m
[32meth_getTransactionReceipt[0m
[32meth_chainId[0m
[32mweb3_clientVersion[0m
[32mweb3_clientVersion (2)[0m
[32mweb3_clientVersion (3)[0m
[32mweb3_clientVersion (4)[0m
[32mweb3_clientVersion (5)[0m
[32meth_getTransactionCount[0m
[32meth_chainId[0m
[31meth_estimateGas[0m
  Contract call:       ClientRegistry#registerClient
  From:                0xf39fd6e51aad88f6f4ce6ab8827279cfffb92266
  To:                  0x5fbdb2315678afecb367f032d93f642f64180aa3
  Value:               0 ETH

  Error: VM Exception while processing transaction: reverted with an unrecognized custom error (return data: 0xe2517d3f000000000000000000000000f39fd6e51aad88f6f4ce6ab8827279cfffb922662e8b98eef02e8df3bd27d1270ded3bea3d14db99c5234c7b14001a7fff957bcc)

[32meth_chainId[0m
[32meth_accounts[0m
[32meth_accounts (2)[0m
[32meth_blockNumber[0m
[32meth_getBlockByNumber[0m
[32meth_feeHistory[0m
[32meth_estimateGas[0m
[32meth_sendTransaction[0m
  Contract deployment: ClientRegistry
  Contract address:    0xcf7ed3acca5a467e9e704c703e8d87f634fb0fc9
  Transaction:         0x7ba7e2b5dd288808d9525fd39cf9be058cdc3bcef9003834f7c57a92f52010c5
  From:                0xf39fd6e51aad88f6f4ce6ab8827279cfffb92266
  Value:               0 ETH
  Gas used:            1264708 of 1264708
  Block #4:            0xa9e008510074f97866aeff78a4d8e5e8ce56e720e912dd9401f1f30c12b8111f

[32meth_getTransactionByHash[0m
[32meth_getTransactionReceipt[0m
[32meth_accounts[0m
[32meth_blockNumber[0m
[32meth_feeHistory[0m
[32meth_estimateGas[0m
[32meth_sendTransaction[0m
  Contract deployment: TrainingRoundRegistry
  Contract address:    0xdc64a140aa3e981100a9beca4e685f962f0cf6c9
  Transaction:         0xe6b982a1802dd0cac8626fa64b1f39d52588753d33cbc16d4117a0600356ba5a
  From:                0xf39fd6e51aad88f6f4ce6ab8827279cfffb92266
  Value:               0 ETH
  Gas used:            1336225 of 1336225
  Block #5:            0xcbf4b6791b9999e961f2e35fad004f9e6662692046fbdb764bb6476c63523223

[32meth_getTransactionByHash[0m
[32meth_getTransactionReceipt[0m
[32meth_accounts[0m
[32meth_blockNumber[0m
[32meth_feeHistory[0m
[32meth_estimateGas[0m
[32meth_sendTransaction[0m
  Contract deployment: UpdateRegistry
  Contract address:    0x5fc8d32690cc91d4c39d9d3abcbd16989f875707
  Transaction:         0x4b21ca809063f7f1d70b8f8ffb21234f01cf4877da83f2fbc103b53b97b84070
  From:                0xf39fd6e51aad88f6f4ce6ab8827279cfffb92266
  Value:               0 ETH
  Gas used:            1899024 of 1899024
  Block #6:            0x28d123f25780b1197aa0a8f2bede1cc83a7f31ae2d85a5a8df37fcbe04ba440c

[32meth_getTransactionByHash[0m
[32meth_getTransactionReceipt[0m
[32meth_blockNumber[0m
[32meth_feeHistory[0m
[32meth_estimateGas[0m
[32meth_sendTransaction[0m
  Contract call:       ClientRegistry#grantRole
  Transaction:         0x693def88614451a2c559854f29c0577c4fa6d11977539c87887114a7fbd3892a
  From:                0xf39fd6e51aad88f6f4ce6ab8827279cfffb92266
  To:                  0xcf7ed3acca5a467e9e704c703e8d87f634fb0fc9
  Value:               0 ETH
  Gas used:            52012 of 52012
  Block #7:            0x59c21cdfd7be7eb20c33ae3635ed2b5e5d027879ccac1202f5ac95617a070b03

[32meth_getTransactionByHash[0m
[32meth_blockNumber[0m
[32meth_feeHistory[0m
[32meth_estimateGas[0m
[32meth_sendTransaction[0m
  Contract call:       TrainingRoundRegistry#grantRole
  Transaction:         0xdbea4ecbf7f7ed5574373afa4075ec561279abc148fc5b0021a9c4235480abd0
  From:                0xf39fd6e51aad88f6f4ce6ab8827279cfffb92266
  To:                  0xdc64a140aa3e981100a9beca4e685f962f0cf6c9
  Value:               0 ETH
  Gas used:            52034 of 52034
  Block #8:            0xcae5057eb83e22ec5366c2d1b902872c8b2ed84bf0f2a1037faad6b4d9b8f3ed

[32meth_getTransactionByHash[0m
[32meth_blockNumber[0m
[32meth_feeHistory[0m
[32meth_estimateGas[0m
[32meth_sendTransaction[0m
  Contract call:       UpdateRegistry#grantRole
  Transaction:         0xae6ecdd5844dfdd5aae0ae634e22c50803bba479d96ef4e9381ae132f64bcd5f
  From:                0xf39fd6e51aad88f6f4ce6ab8827279cfffb92266
  To:                  0x5fc8d32690cc91d4c39d9d3abcbd16989f875707
  Value:               0 ETH
  Gas used:            52012 of 52012
  Block #9:            0xe112947eebf46f4a40d604872e68cfd79f75750f11c6e9fc7f91ca0d569402f3

[32meth_getTransactionByHash[0m
[32meth_chainId[0m
[32mweb3_clientVersion[0m
[32meth_getTransactionCount[0m
[32meth_chainId[0m
[32meth_estimateGas[0m
[32meth_chainId[0m
[32meth_maxPriorityFeePerGas[0m
[32meth_getBlockByNumber[0m
[32meth_chainId[0m
[32meth_getTransactionCount[0m
[32meth_chainId[0m
[32meth_estimateGas[0m
[32meth_chainId[0m
[32meth_maxPriorityFeePerGas[0m
[32meth_getBlockByNumber[0m
[32meth_chainId[0m
[32meth_getTransactionCount[0m
[32meth_chainId[0m
[32meth_estimateGas[0m
[32meth_chainId[0m
[32meth_maxPriorityFeePerGas[0m
[32meth_getBlockByNumber[0m
[32meth_chainId[0m
[32mweb3_clientVersion[0m
[32meth_getTransactionCount[0m
[32meth_chainId[0m
[32meth_estimateGas[0m
[32meth_chainId[0m
[32meth_maxPriorityFeePerGas[0m
[32meth_getBlockByNumber[0m
[32meth_chainId[0m
[32meth_sendRawTransaction[0m
  Contract call:       ClientRegistry#registerClient
  Transaction:         0xaea5831b6df2ba0e23b26aa6141f297f172115df1c9ae5d077cc0afef51fc759
  From:                0xf39fd6e51aad88f6f4ce6ab8827279cfffb92266
  To:                  0xcf7ed3acca5a467e9e704c703e8d87f634fb0fc9
  Value:               0 ETH
  Gas used:            120862 of 120862
  Block #10:           0xebda6d9ab417c174c0ec4037e990b4335e6913044a34e991bcef2869e53df83d

[32meth_getTransactionReceipt[0m
[32meth_getTransactionCount[0m
[32meth_chainId[0m
[32meth_estimateGas[0m
[32meth_chainId[0m
[32meth_maxPriorityFeePerGas[0m
[32meth_getBlockByNumber[0m
[32meth_chainId[0m
[32meth_sendRawTransaction[0m
  Contract call:       TrainingRoundRegistry#createRound
  Transaction:         0x9964929e7c0ad3f78ef1679877788582b00e263246e8b1525c38cb7d62acb992
  From:                0xf39fd6e51aad88f6f4ce6ab8827279cfffb92266
  To:                  0xdc64a140aa3e981100a9beca4e685f962f0cf6c9
  Value:               0 ETH
  Gas used:            73146 of 73146
  Block #11:           0xe16e42981bea6d4c3909881c00df6a1ee5b838c35e9d37c0ce8a4bc4e419b05f

[32meth_getTransactionReceipt[0m
[32meth_getTransactionCount[0m
[32meth_chainId[0m
[32meth_estimateGas[0m
[32meth_chainId[0m
[32meth_maxPriorityFeePerGas[0m
[32meth_getBlockByNumber[0m
[32meth_chainId[0m
[32meth_sendRawTransaction[0m
  Contract call:       TrainingRoundRegistry#activateRound
  Transaction:         0xc6e84e9a69f5acfb2812db806770071d5f6e71b66a89aa5c36b87cf202da9027
  From:                0xf39fd6e51aad88f6f4ce6ab8827279cfffb92266
  To:                  0xdc64a140aa3e981100a9beca4e685f962f0cf6c9
  Value:               0 ETH
  Gas used:            30712 of 30712
  Block #12:           0x9dc8fe93d462b51905875f83d0d64186996bb35b20ba8f1072e48452e515fe90

[32meth_getTransactionReceipt[0m
[32meth_chainId[0m
[32meth_call[0m
  Contract call:       ClientRegistry#isClientActive
  From:                0xf39fd6e51aad88f6f4ce6ab8827279cfffb92266
  To:                  0xcf7ed3acca5a467e9e704c703e8d87f634fb0fc9

[32meth_chainId[0m
[32meth_chainId (2)[0m
[32meth_call[0m
  Contract call:       TrainingRoundRegistry#isRoundActive
  From:                0xf39fd6e51aad88f6f4ce6ab8827279cfffb92266
  To:                  0xdc64a140aa3e981100a9beca4e685f962f0cf6c9

[32meth_chainId[0m
[32mweb3_clientVersion[0m
[32meth_getTransactionCount[0m
[32meth_chainId[0m
[31meth_estimateGas[0m
  Contract call:       ClientRegistry#registerClient
  From:                0xf39fd6e51aad88f6f4ce6ab8827279cfffb92266
  To:                  0xcf7ed3acca5a467e9e704c703e8d87f634fb0fc9
  Value:               0 ETH

  Error: reverted with reason string 'ClientRegistry: client already registered'

[32meth_chainId[0m
[32mweb3_clientVersion[0m
[32meth_getTransactionCount[0m
[32meth_chainId[0m
[32meth_estimateGas[0m
[32meth_chainId[0m
[32meth_maxPriorityFeePerGas[0m
[32meth_getBlockByNumber[0m
[32meth_chainId[0m
[32meth_sendRawTransaction[0m
  Contract call:       ClientRegistry#registerClient
  Transaction:         0xe8a79895ce026283d6c05bf3ad1dc8949d872edb86029a1ac8245c0627e4a4d7
  From:                0xf39fd6e51aad88f6f4ce6ab8827279cfffb92266
  To:                  0xcf7ed3acca5a467e9e704c703e8d87f634fb0fc9
  Value:               0 ETH
  Gas used:            120886 of 120886
  Block #13:           0xfd4b1037f77d26104d04bfa38164f5996248cc999750ceef740f6a7990afb836

[32meth_getTransactionReceipt[0m
[32meth_getTransactionCount[0m
[32meth_chainId[0m
[31meth_estimateGas[0m
  Contract call:       TrainingRoundRegistry#createRound
  From:                0xf39fd6e51aad88f6f4ce6ab8827279cfffb92266
  To:                  0xdc64a140aa3e981100a9beca4e685f962f0cf6c9
  Value:               0 ETH

  Error: reverted with reason string 'RoundRegistry: round already exists'

[32meth_chainId[0m
[32meth_chainId (2)[0m
[32meth_call[0m
  Contract call:       ClientRegistry#isClientActive
  From:                0xf39fd6e51aad88f6f4ce6ab8827279cfffb92266
  To:                  0xcf7ed3acca5a467e9e704c703e8d87f634fb0fc9

[32meth_chainId[0m
[32meth_chainId (2)[0m
[32meth_call[0m
  Contract call:       TrainingRoundRegistry#isRoundActive
  From:                0xf39fd6e51aad88f6f4ce6ab8827279cfffb92266
  To:                  0xdc64a140aa3e981100a9beca4e685f962f0cf6c9

[32meth_chainId[0m
[32mweb3_clientVersion[0m
[32meth_getTransactionCount[0m
[32meth_chainId[0m
[32meth_estimateGas[0m
[32meth_chainId[0m
[32meth_maxPriorityFeePerGas[0m
[32meth_getBlockByNumber[0m
[32meth_chainId[0m
[32meth_sendRawTransaction[0m
  Contract call:       ClientRegistry#registerClient
  Transaction:         0xfbc4ff260093266551032d6b58b1cb282dfdc0369dec730fc821a98445724e04
  From:                0xf39fd6e51aad88f6f4ce6ab8827279cfffb92266
  To:                  0xcf7ed3acca5a467e9e704c703e8d87f634fb0fc9
  Value:               0 ETH
  Gas used:            120886 of 120886
  Block #14:           0x8d9d492bad8926bc9380ccb06052f783cbbe7c0628cb70449768d60ae2fd6d02

[32meth_getTransactionReceipt[0m
[32meth_getTransactionCount[0m
[32meth_chainId[0m
[31meth_estimateGas[0m
  Contract call:       TrainingRoundRegistry#createRound
  From:                0xf39fd6e51aad88f6f4ce6ab8827279cfffb92266
  To:                  0xdc64a140aa3e981100a9beca4e685f962f0cf6c9
  Value:               0 ETH

  Error: reverted with reason string 'RoundRegistry: round already exists'

[32meth_chainId[0m
[32meth_chainId (2)[0m
[32meth_call[0m
  Contract call:       ClientRegistry#isClientActive
  From:                0xf39fd6e51aad88f6f4ce6ab8827279cfffb92266
  To:                  0xcf7ed3acca5a467e9e704c703e8d87f634fb0fc9

[32meth_chainId[0m
[32meth_chainId (2)[0m
[32meth_call[0m
  Contract call:       TrainingRoundRegistry#isRoundActive
  From:                0xf39fd6e51aad88f6f4ce6ab8827279cfffb92266
  To:                  0xdc64a140aa3e981100a9beca4e685f962f0cf6c9

[32meth_chainId[0m
[32mweb3_clientVersion[0m
[32meth_getTransactionCount[0m
[32meth_chainId[0m
[32meth_estimateGas[0m
[32meth_chainId[0m
[32meth_maxPriorityFeePerGas[0m
[32meth_getBlockByNumber[0m
[32meth_chainId[0m
[32meth_sendRawTransaction[0m
  Contract call:       ClientRegistry#registerClient
  Transaction:         0x2e21e1bde3a6a8d469de1635db1926472d5b965f67e39e043bb3f3b4e0fcfb32
  From:                0xf39fd6e51aad88f6f4ce6ab8827279cfffb92266
  To:                  0xcf7ed3acca5a467e9e704c703e8d87f634fb0fc9
  Value:               0 ETH
  Gas used:            120886 of 120886
  Block #15:           0xe10da600fade56ce53a9c7b5df0f821d0ce6875dc997d3d55817e371f3e6ba41

[32meth_getTransactionReceipt[0m
[32meth_getTransactionCount[0m
[32meth_chainId[0m
[31meth_estimateGas[0m
  Contract call:       TrainingRoundRegistry#createRound
  From:                0xf39fd6e51aad88f6f4ce6ab8827279cfffb92266
  To:                  0xdc64a140aa3e981100a9beca4e685f962f0cf6c9
  Value:               0 ETH

  Error: reverted with reason string 'RoundRegistry: round already exists'

[32meth_chainId[0m
[32meth_chainId (2)[0m
[32meth_call[0m
  Contract call:       ClientRegistry#isClientActive
  From:                0xf39fd6e51aad88f6f4ce6ab8827279cfffb92266
  To:                  0xcf7ed3acca5a467e9e704c703e8d87f634fb0fc9

[32meth_chainId[0m
[32meth_chainId (2)[0m
[32meth_call[0m
  Contract call:       TrainingRoundRegistry#isRoundActive
  From:                0xf39fd6e51aad88f6f4ce6ab8827279cfffb92266
  To:                  0xdc64a140aa3e981100a9beca4e685f962f0cf6c9

[32meth_chainId[0m
[32meth_getTransactionCount[0m
[32meth_chainId[0m
[32meth_estimateGas[0m
[32meth_chainId[0m
[32meth_maxPriorityFeePerGas[0m
[32meth_getBlockByNumber[0m
[32meth_chainId[0m
[32meth_sendRawTransaction[0m
  Contract call:       UpdateRegistry#submitUpdate
  Transaction:         0x6936f28c167b3dab0548685d86a159ad6e2f67970941d272772dd6e6cd416918
  From:                0xf39fd6e51aad88f6f4ce6ab8827279cfffb92266
  To:                  0x5fc8d32690cc91d4c39d9d3abcbd16989f875707
  Value:               0 ETH
  Gas used:            300224 of 300224
  Block #16:           0xf40f05388589daf0c48b906cc1df7417c226085c00851c6d05cb2de148f9d858

[32meth_getTransactionReceipt[0m
[32meth_getTransactionCount[0m
[32meth_chainId[0m
[32meth_estimateGas[0m
[32meth_chainId[0m
[32meth_maxPriorityFeePerGas[0m
[32meth_getBlockByNumber[0m
[32meth_chainId[0m
[32meth_sendRawTransaction[0m
  Contract call:       UpdateRegistry#markVerificationState
  Transaction:         0x5096c8c490a93f1bd3f4acb22c4a250aab9eb3f5b69efe3a2c68b3a496d6daaf
  From:                0xf39fd6e51aad88f6f4ce6ab8827279cfffb92266
  To:                  0x5fc8d32690cc91d4c39d9d3abcbd16989f875707
  Value:               0 ETH
  Gas used:            33888 of 33888
  Block #17:           0x68c167b3a19764802c2741d6bcad837c9b729c1b6bc36e4a52d758555199b985

[32meth_getTransactionReceipt[0m
[32meth_getTransactionCount[0m
[32meth_chainId[0m
[32meth_estimateGas[0m
[32meth_chainId[0m
[32meth_maxPriorityFeePerGas[0m
[32meth_getBlockByNumber[0m
[32meth_chainId[0m
[32meth_sendRawTransaction[0m
  Contract call:       UpdateRegistry#recordAggregation
  Transaction:         0x9d790c5ae0fc61e176a2f1b1ac28cff7b0a9fdb35736dbd406c922547aadcbbc
  From:                0xf39fd6e51aad88f6f4ce6ab8827279cfffb92266
  To:                  0x5fc8d32690cc91d4c39d9d3abcbd16989f875707
  Value:               0 ETH
  Gas used:            33497 of 33497
  Block #18:           0x1a8b5cd0ea2eb23bfef1fa6a862da62d7e9578d1270d4cb68725163ffbef7c85

[32meth_getTransactionReceipt[0m
[32meth_getTransactionCount[0m
[32meth_chainId[0m
[32meth_estimateGas[0m
[32meth_chainId[0m
[32meth_maxPriorityFeePerGas[0m
[32meth_getBlockByNumber[0m
[32meth_chainId[0m
[32meth_sendRawTransaction[0m
  Contract call:       TrainingRoundRegistry#finalizeRound
  Transaction:         0xd14798bbda349629e6ffdc1227abbe87eb6050fc475d59da67cd36a1511effb4
  From:                0xf39fd6e51aad88f6f4ce6ab8827279cfffb92266
  To:                  0xdc64a140aa3e981100a9beca4e685f962f0cf6c9
  Value:               0 ETH
  Gas used:            33177 of 33177
  Block #19:           0x009419d98196e0e7364081c2009e9807ce24285cb753e77f8a13d659c4f7ad73

[32meth_getTransactionReceipt[0m
[32meth_chainId[0m
[32meth_call[0m
  Contract call:       UpdateRegistry#getUpdate
  From:                0xf39fd6e51aad88f6f4ce6ab8827279cfffb92266
  To:                  0x5fc8d32690cc91d4c39d9d3abcbd16989f875707

[32meth_chainId[0m
